// Jest Snapshot v1, https://goo.gl/fbAQLP

exports[`Testing Search Page loads top posts for subreddit in URL 1`] = `
Array [
  "2",
  "0",
  "2",
  "1",
  "2",
  "2",
  "0",
  "3",
  "0",
  "2",
  "6",
  "1",
  "4",
  "1",
  "6",
  "7",
  "6",
  "3",
  "3",
  "4",
  "4",
  "2",
  "1",
  "1",
  "3",
  "2",
  "2",
  "1",
  "1",
  "1",
  "1",
  "3",
  "5",
  "2",
  "3",
  "5",
  "5",
  "3",
  "6",
  "5",
  "6",
  "6",
  "4",
  "5",
  "4",
  "5",
  "2",
  "1",
  "1",
  "1",
  "5",
  "0",
  "1",
  "0",
  "0",
  "2",
  "1",
  "0",
  "3",
  "2",
  "2",
  "6",
  "4",
  "6",
  "10",
  "6",
  "8",
  "5",
  "1",
  "6",
  "4",
  "1",
  "1",
  "1",
  "1",
  "1",
  "2",
  "1",
  "1",
  "1",
  "3",
  "3",
  "4",
  "3",
  "2",
  "4",
  "2",
  "3",
  "4",
  "5",
  "7",
  "5",
  "4",
  "1",
  "3",
  "5",
  "3",
  "1",
  "1",
  "0",
  "0",
  "0",
  "1",
  "1",
  "3",
  "1",
  "6",
  "1",
  "3",
  "6",
  "2",
  "7",
  "2",
  "8",
  "7",
  "6",
  "1",
  "3",
  "5",
  "8",
  "2",
  "2",
  "4",
  "3",
  "1",
  "0",
  "3",
  "0",
  "1",
  "3",
  "2",
  "3",
  "1",
  "3",
  "3",
  "8",
  "7",
  "4",
  "4",
  "0",
  "7",
  "5",
  "4",
  "2",
  "0",
  "1",
  "3",
  "0",
  "4",
  "1",
  "2",
  "1",
  "3",
  "0",
  "4",
  "3",
  "3",
  "7",
  "3",
  "5",
  "2",
  "6",
  "6",
  "4",
  "4",
  "2",
  "1",
  "1",
]
`;

exports[`posts table shows posts ordered by time according to cell that is clicked 1`] = `
Array [
  Object {
    "author": "s_magik",
    "authorHref": "https://reddit.com/u/s_magik",
    "href": "https://reddit.com/r/javascript/comments/k7rxg7/open_source_airtable_built_using_reactjs/",
    "numComments": "21",
    "score": "235",
    "time": "12:08 pm",
    "title": "Open source Airtable: Built using ReactJS + Firestore DB",
  },
  Object {
    "author": "zvikfir",
    "authorHref": "https://reddit.com/u/zvikfir",
    "href": "https://reddit.com/r/javascript/comments/pr5cef/nextjs_nestjs_mobx_and_how_i_structured_my/",
    "numComments": "12",
    "score": "126",
    "time": "12:17 pm",
    "title": "Next.js, NestJS, MobX and how I structured my open-source project",
  },
  Object {
    "author": "Well_Gravity",
    "authorHref": "https://reddit.com/u/Well_Gravity",
    "href": "https://reddit.com/r/javascript/comments/ludsvl/reading_an_excel_file_in_node/",
    "numComments": "7",
    "score": "115",
    "time": "12:31 pm",
    "title": "Reading an Excel file in node",
  },
  Object {
    "author": "GunvantSr",
    "authorHref": "https://reddit.com/u/GunvantSr",
    "href": "https://reddit.com/r/javascript/comments/q55pz1/a_simple_boilerplate_generator_for_your_node/",
    "numComments": "2",
    "score": "254",
    "time": "12:44 pm",
    "title": "A simple boilerplate generator for your node express backend project",
  },
]
`;
